<?xml version="1.0" encoding="UTF-8"?>
<TestRun id="1c2415aa-ebce-4c6c-a1fe-079192370d2f" name="Eisen@CRAZYEISEN 2011-10-16 14:07:13" runUser="CRAZYEISEN\Eisen" xmlns="http://microsoft.com/schemas/VisualStudio/TeamTest/2010">
  <TestSettings name="Local" id="8e5fc231-a8cb-423c-9521-0eadba8787ac">
    <Description>These are default test settings for a local test run.</Description>
    <Deployment enabled="false" runDeploymentRoot="Eisen_CRAZYEISEN 2011-10-16 14_07_13">
      <DeploymentItem filename="C:\Users\Eisen\Code\RoboNUI\repo\plugin\log4net\log4net.dll" />
      <DeploymentItem filename="C:\Users\Eisen\Code\RoboNUI\repo\RoboticNaturalUserInterface\RoboticNaturalUserInterface\bin\Debug\RoboticNaturalUserInterface.exe" />
      <DeploymentItem filename="C:\Users\Eisen\Code\RoboNUI\repo\plugin\json\Newtonsoft.Json.Net35.dll" />
      <DeploymentItem filename="C:\Users\Eisen\Code\RoboNUI\repo\RoboticNaturalUserInterface\MessagingUtilities\bin\Debug\Utilities.dll" />
    </Deployment>
    <Execution>
      <TestTypeSpecific />
      <AgentRule name="Execution Agents">
      </AgentRule>
    </Execution>
  </TestSettings>
  <Times creation="2011-10-16T14:07:13.4958043-04:00" queuing="2011-10-16T14:07:13.5218058-04:00" start="2011-10-16T14:07:13.5428070-04:00" finish="2011-10-16T14:07:14.5288634-04:00" />
  <ResultSummary outcome="Failed">
    <Counters total="3" executed="3" passed="1" error="0" failed="2" timeout="0" aborted="0" inconclusive="0" passedButRunAborted="0" notRunnable="0" notExecuted="0" disconnected="0" warning="0" completed="0" inProgress="0" pending="0" />
    <Output>
      <StdOut>93 [Agent: adapter run thread for test 'UpdateTest' with id '7f0b090a-e964-4aca-ac35-229769af5b4a'] DEBUG RoboNui.RobotAdapter.RoboticArmServoController (null) - RoboNui.RobotAdapter.RoboticArmServoController constructed.
125 [Agent: adapter run thread for test 'UpdateTest' with id '7f0b090a-e964-4aca-ac35-229769af5b4a'] INFO RoboNui.RobotAdapter.RoboticArmServoController (null) - Initiating all servos to center.
126 [Agent: adapter run thread for test 'UpdateTest' with id '7f0b090a-e964-4aca-ac35-229769af5b4a'] DEBUG RoboNui.RobotAdapter.RoboticArmServoController (null) - Send Command #0P1500#1P1500#2P1500#3P1500#4P1500#5P1500
127 [Agent: adapter run thread for test 'UpdateTest' with id '7f0b090a-e964-4aca-ac35-229769af5b4a'] DEBUG RoboNui.RobotAdapter.RoboticArmServoController (null) - RoboNui.RobotAdapter.RoboticArmServoController constructed.
</StdOut>
    </Output>
  </ResultSummary>
  <TestDefinitions>
    <UnitTest name="UpdateTest" storage="c:\users\eisen\code\robonui\repo\roboticnaturaluserinterface\robonuitest\bin\debug\robonuitest.dll" id="eeddceb7-7d47-fd72-2af9-db464e484902">
      <Execution id="f7dfae14-6d61-43f5-9725-a84de2ecb553" />
      <TestMethod codeBase="C:/Users/Eisen/Code/RoboNUI/repo/RoboticNaturalUserInterface/RoboNuiTest/bin/Debug/RoboNuiTest.DLL" adapterTypeName="Microsoft.VisualStudio.TestTools.TestTypes.Unit.UnitTestAdapter, Microsoft.VisualStudio.QualityTools.Tips.UnitTest.Adapter, Version=10.0.0.0, Culture=neutral, PublicKeyToken=b03f5f7f11d50a3a" className="RoboNuiTest.JointAngleTranslatorTest, RoboNuiTest, Version=1.0.0.0, Culture=neutral, PublicKeyToken=null" name="UpdateTest" />
    </UnitTest>
    <UnitTest name="UpdateTest" storage="c:\users\eisen\code\robonui\repo\roboticnaturaluserinterface\robonuitest\bin\debug\robonuitest.dll" id="c0eca1fb-66d4-bb09-728d-297533670eaf">
      <DeploymentItems>
        <DeploymentItem filename="RoboticNaturalUserInterface.exe" />
      </DeploymentItems>
      <Execution id="7f0b090a-e964-4aca-ac35-229769af5b4a" />
      <TestMethod codeBase="C:/Users/Eisen/Code/RoboNUI/repo/RoboticNaturalUserInterface/RoboNuiTest/bin/Debug/RoboNuiTest.DLL" adapterTypeName="Microsoft.VisualStudio.TestTools.TestTypes.Unit.UnitTestAdapter, Microsoft.VisualStudio.QualityTools.Tips.UnitTest.Adapter, Version=10.0.0.0, Culture=neutral, PublicKeyToken=b03f5f7f11d50a3a" className="RoboNuiTest.RoboticArmServoControllerTest, RoboNuiTest, Version=1.0.0.0, Culture=neutral, PublicKeyToken=null" name="UpdateTest" />
    </UnitTest>
    <UnitTest name="JointAngleTranslatorConstructorTest" storage="c:\users\eisen\code\robonui\repo\roboticnaturaluserinterface\robonuitest\bin\debug\robonuitest.dll" id="3607432d-474d-0ce1-5eb1-b98786483e85">
      <Execution id="7a7bffb0-3c00-4514-a5d6-d2ff8b3cef8f" />
      <TestMethod codeBase="C:/Users/Eisen/Code/RoboNUI/repo/RoboticNaturalUserInterface/RoboNuiTest/bin/Debug/RoboNuiTest.DLL" adapterTypeName="Microsoft.VisualStudio.TestTools.TestTypes.Unit.UnitTestAdapter, Microsoft.VisualStudio.QualityTools.Tips.UnitTest.Adapter, Version=10.0.0.0, Culture=neutral, PublicKeyToken=b03f5f7f11d50a3a" className="RoboNuiTest.JointAngleTranslatorTest, RoboNuiTest, Version=1.0.0.0, Culture=neutral, PublicKeyToken=null" name="JointAngleTranslatorConstructorTest" />
    </UnitTest>
  </TestDefinitions>
  <TestLists>
    <TestList name="Results Not in a List" id="8c84fa94-04c1-424b-9868-57a2d4851a1d" />
    <TestList name="All Loaded Results" id="19431567-8539-422a-85d7-44ee4e166bda" />
  </TestLists>
  <TestEntries>
    <TestEntry testId="3607432d-474d-0ce1-5eb1-b98786483e85" executionId="7a7bffb0-3c00-4514-a5d6-d2ff8b3cef8f" testListId="8c84fa94-04c1-424b-9868-57a2d4851a1d" />
    <TestEntry testId="c0eca1fb-66d4-bb09-728d-297533670eaf" executionId="7f0b090a-e964-4aca-ac35-229769af5b4a" testListId="8c84fa94-04c1-424b-9868-57a2d4851a1d" />
    <TestEntry testId="eeddceb7-7d47-fd72-2af9-db464e484902" executionId="f7dfae14-6d61-43f5-9725-a84de2ecb553" testListId="8c84fa94-04c1-424b-9868-57a2d4851a1d" />
  </TestEntries>
  <Results>
    <UnitTestResult executionId="7a7bffb0-3c00-4514-a5d6-d2ff8b3cef8f" testId="3607432d-474d-0ce1-5eb1-b98786483e85" testName="JointAngleTranslatorConstructorTest" computerName="CRAZYEISEN" duration="00:00:00.0456429" startTime="2011-10-16T14:07:13.5778090-04:00" endTime="2011-10-16T14:07:14.0298348-04:00" testType="13cdc9d9-ddb5-4fa4-a97d-d965ccfc6d4b" outcome="Passed" testListId="8c84fa94-04c1-424b-9868-57a2d4851a1d" relativeResultsDirectory="7a7bffb0-3c00-4514-a5d6-d2ff8b3cef8f">
    </UnitTestResult>
    <UnitTestResult executionId="7f0b090a-e964-4aca-ac35-229769af5b4a" testId="c0eca1fb-66d4-bb09-728d-297533670eaf" testName="UpdateTest" computerName="CRAZYEISEN" duration="00:00:00.1520316" startTime="2011-10-16T14:07:14.0418355-04:00" endTime="2011-10-16T14:07:14.2748488-04:00" testType="13cdc9d9-ddb5-4fa4-a97d-d965ccfc6d4b" outcome="Failed" testListId="8c84fa94-04c1-424b-9868-57a2d4851a1d" relativeResultsDirectory="7f0b090a-e964-4aca-ac35-229769af5b4a">
      <Output>
        <StdOut>148 [Agent: adapter run thread for test 'UpdateTest' with id '7f0b090a-e964-4aca-ac35-229769af5b4a'] INFO RoboNui.RobotAdapter.RoboticArmServoController (null) - Sent movement command to Servo Controller.
148 [Agent: adapter run thread for test 'UpdateTest' with id '7f0b090a-e964-4aca-ac35-229769af5b4a'] DEBUG RoboNui.RobotAdapter.RoboticArmServoController (null) - Send Command #0P1738#1P1738#2P1738#3P1738#4P1738#5P1738T1000
151 [Agent: adapter run thread for test 'UpdateTest' with id '7f0b090a-e964-4aca-ac35-229769af5b4a'] DEBUG RoboNui.RobotAdapter.RoboticArmServoController (null) - Send Command QP0
169 [Agent: adapter run thread for test 'UpdateTest' with id '7f0b090a-e964-4aca-ac35-229769af5b4a'] DEBUG RoboNui.RobotAdapter.RoboticArmServoController (null) - Send Command QP1
186 [Agent: adapter run thread for test 'UpdateTest' with id '7f0b090a-e964-4aca-ac35-229769af5b4a'] DEBUG RoboNui.RobotAdapter.RoboticArmServoController (null) - Send Command QP2
202 [Agent: adapter run thread for test 'UpdateTest' with id '7f0b090a-e964-4aca-ac35-229769af5b4a'] DEBUG RoboNui.RobotAdapter.RoboticArmServoController (null) - Send Command QP3
218 [Agent: adapter run thread for test 'UpdateTest' with id '7f0b090a-e964-4aca-ac35-229769af5b4a'] DEBUG RoboNui.RobotAdapter.RoboticArmServoController (null) - Send Command QP4
234 [Agent: adapter run thread for test 'UpdateTest' with id '7f0b090a-e964-4aca-ac35-229769af5b4a'] DEBUG RoboNui.RobotAdapter.RoboticArmServoController (null) - Send Command QP5</StdOut>
        <ErrorInfo>
          <Message>Assert.AreEqual failed. Expected:&lt;RoboNui.Core.AngleSet&gt;. Actual:&lt;RoboNui.Core.AngleSet&gt;. </Message>
          <StackTrace>   at RoboNuiTest.RoboticArmServoControllerTest.UpdateTest() in C:\Users\Eisen\Code\RoboNUI\repo\RoboticNaturalUserInterface\RoboNuiTest\RoboticArmServoControllerTest.cs:line 121
</StackTrace>
        </ErrorInfo>
      </Output>
    </UnitTestResult>
    <UnitTestResult executionId="f7dfae14-6d61-43f5-9725-a84de2ecb553" testId="eeddceb7-7d47-fd72-2af9-db464e484902" testName="UpdateTest" computerName="CRAZYEISEN" duration="00:00:00.0185128" startTime="2011-10-16T14:07:14.2788491-04:00" endTime="2011-10-16T14:07:14.3188513-04:00" testType="13cdc9d9-ddb5-4fa4-a97d-d965ccfc6d4b" outcome="Failed" testListId="8c84fa94-04c1-424b-9868-57a2d4851a1d" relativeResultsDirectory="f7dfae14-6d61-43f5-9725-a84de2ecb553">
      <Output>
        <ErrorInfo>
          <Message>Test method RoboNuiTest.JointAngleTranslatorTest.UpdateTest threw exception: 
System.NullReferenceException: Object reference not set to an instance of an object.</Message>
          <StackTrace>    at RoboNui.Core.JointAngleTranslator.Update(JointSet js) in C:\Users\Eisen\Code\RoboNUI\repo\RoboticNaturalUserInterface\RoboticNaturalUserInterface\Core\JointAngleTranslator.cs:line 108
   at RoboNuiTest.JointAngleTranslatorTest.UpdateTest() in C:\Users\Eisen\Code\RoboNUI\repo\RoboticNaturalUserInterface\RoboNuiTest\JointAngleTranslatorTest.cs:line 107
</StackTrace>
        </ErrorInfo>
      </Output>
    </UnitTestResult>
  </Results>
</TestRun>